<?xml version="1.0" encoding="ISO-8859-1" ?>
<link_info>
   <banner>TI ARM Linker PC v20.2.7.LTS</banner>
   <copyright>Copyright (c) 1996-2018 Texas Instruments Incorporated</copyright>
   <link_time>0x67edba1e</link_time>
   <link_errors>0x0</link_errors>
   <output_file>empty_MSP_EXP432E401Y_nortos_ccs.out</output_file>
   <entry_point>
      <name>_c_int00_noargs</name>
      <address>0x10a5</address>
   </entry_point>
   <input_file_list>
      <input_file id="fl-2">
         <path>.\</path>
         <kind>object</kind>
         <file>buttons.obj</file>
         <name>buttons.obj</name>
      </input_file>
      <input_file id="fl-3">
         <path>.\</path>
         <kind>object</kind>
         <file>main.obj</file>
         <name>main.obj</name>
      </input_file>
      <input_file id="fl-4">
         <path>.\</path>
         <kind>object</kind>
         <file>system_msp432e401y.obj</file>
         <name>system_msp432e401y.obj</name>
      </input_file>
      <input_file id="fl-5">
         <path>.\</path>
         <kind>object</kind>
         <file>uartstdio.obj</file>
         <name>uartstdio.obj</name>
      </input_file>
      <input_file id="fl-6">
         <path>.\ccs\</path>
         <kind>object</kind>
         <file>startup_msp432e401y_ccs.obj</file>
         <name>startup_msp432e401y_ccs.obj</name>
      </input_file>
      <input_file id="fl-10">
         <kind>object</kind>
         <file>&lt;internal&gt;</file>
         <name>&lt;internal&gt;</name>
      </input_file>
      <input_file id="fl-11">
         <path>C:\ti\simplelink_msp432e4_sdk_4_20_00_12\source\ti\devices\msp432e4\driverlib\lib\ccs\m4f\</path>
         <kind>archive</kind>
         <file>msp432e4_driverlib.a</file>
         <name>gpio.o</name>
      </input_file>
      <input_file id="fl-12">
         <path>C:\ti\simplelink_msp432e4_sdk_4_20_00_12\source\ti\devices\msp432e4\driverlib\lib\ccs\m4f\</path>
         <kind>archive</kind>
         <file>msp432e4_driverlib.a</file>
         <name>interrupt.o</name>
      </input_file>
      <input_file id="fl-13">
         <path>C:\ti\simplelink_msp432e4_sdk_4_20_00_12\source\ti\devices\msp432e4\driverlib\lib\ccs\m4f\</path>
         <kind>archive</kind>
         <file>msp432e4_driverlib.a</file>
         <name>sysctl.o</name>
      </input_file>
      <input_file id="fl-14">
         <path>C:\ti\simplelink_msp432e4_sdk_4_20_00_12\source\ti\devices\msp432e4\driverlib\lib\ccs\m4f\</path>
         <kind>archive</kind>
         <file>msp432e4_driverlib.a</file>
         <name>cpu.o</name>
      </input_file>
      <input_file id="fl-ca">
         <path>C:\ti\ccs1281\ccs\tools\compiler\ti-cgt-arm_20.2.7.LTS\lib\</path>
         <kind>archive</kind>
         <file>rtsv7M4_T_le_v4SPD16_eabi.lib</file>
         <name>u_divt2.asm.obj</name>
      </input_file>
      <input_file id="fl-cb">
         <path>C:\ti\ccs1281\ccs\tools\compiler\ti-cgt-arm_20.2.7.LTS\lib\</path>
         <kind>archive</kind>
         <file>rtsv7M4_T_le_v4SPD16_eabi.lib</file>
         <name>copy_zero_init.c.obj</name>
      </input_file>
      <input_file id="fl-cc">
         <path>C:\ti\ccs1281\ccs\tools\compiler\ti-cgt-arm_20.2.7.LTS\lib\</path>
         <kind>archive</kind>
         <file>rtsv7M4_T_le_v4SPD16_eabi.lib</file>
         <name>copy_decompress_none.c.obj</name>
      </input_file>
      <input_file id="fl-cd">
         <path>C:\ti\ccs1281\ccs\tools\compiler\ti-cgt-arm_20.2.7.LTS\lib\</path>
         <kind>archive</kind>
         <file>rtsv7M4_T_le_v4SPD16_eabi.lib</file>
         <name>copy_decompress_lzss.c.obj</name>
      </input_file>
      <input_file id="fl-ce">
         <path>C:\ti\ccs1281\ccs\tools\compiler\ti-cgt-arm_20.2.7.LTS\lib\</path>
         <kind>archive</kind>
         <file>rtsv7M4_T_le_v4SPD16_eabi.lib</file>
         <name>strcmp.c.obj</name>
      </input_file>
      <input_file id="fl-cf">
         <path>C:\ti\ccs1281\ccs\tools\compiler\ti-cgt-arm_20.2.7.LTS\lib\</path>
         <kind>archive</kind>
         <file>rtsv7M4_T_le_v4SPD16_eabi.lib</file>
         <name>boot_cortex_m.c.obj</name>
      </input_file>
      <input_file id="fl-d0">
         <path>C:\ti\ccs1281\ccs\tools\compiler\ti-cgt-arm_20.2.7.LTS\lib\</path>
         <kind>archive</kind>
         <file>rtsv7M4_T_le_v4SPD16_eabi.lib</file>
         <name>div0.asm.obj</name>
      </input_file>
      <input_file id="fl-d1">
         <path>C:\ti\ccs1281\ccs\tools\compiler\ti-cgt-arm_20.2.7.LTS\lib\</path>
         <kind>archive</kind>
         <file>rtsv7M4_T_le_v4SPD16_eabi.lib</file>
         <name>memcpy_t2.asm.obj</name>
      </input_file>
      <input_file id="fl-d2">
         <path>C:\ti\ccs1281\ccs\tools\compiler\ti-cgt-arm_20.2.7.LTS\lib\</path>
         <kind>archive</kind>
         <file>rtsv7M4_T_le_v4SPD16_eabi.lib</file>
         <name>memset_t2.asm.obj</name>
      </input_file>
      <input_file id="fl-d3">
         <path>C:\ti\ccs1281\ccs\tools\compiler\ti-cgt-arm_20.2.7.LTS\lib\</path>
         <kind>archive</kind>
         <file>rtsv7M4_T_le_v4SPD16_eabi.lib</file>
         <name>autoinit.c.obj</name>
      </input_file>
      <input_file id="fl-d4">
         <path>C:\ti\ccs1281\ccs\tools\compiler\ti-cgt-arm_20.2.7.LTS\lib\</path>
         <kind>archive</kind>
         <file>rtsv7M4_T_le_v4SPD16_eabi.lib</file>
         <name>pre_init.c.obj</name>
      </input_file>
      <input_file id="fl-d5">
         <path>C:\ti\ccs1281\ccs\tools\compiler\ti-cgt-arm_20.2.7.LTS\lib\</path>
         <kind>archive</kind>
         <file>rtsv7M4_T_le_v4SPD16_eabi.lib</file>
         <name>cpy_tbl.c.obj</name>
      </input_file>
      <input_file id="fl-d6">
         <path>C:\ti\ccs1281\ccs\tools\compiler\ti-cgt-arm_20.2.7.LTS\lib\</path>
         <kind>archive</kind>
         <file>rtsv7M4_T_le_v4SPD16_eabi.lib</file>
         <name>exit.c.obj</name>
      </input_file>
      <input_file id="fl-d7">
         <path>C:\ti\ccs1281\ccs\tools\compiler\ti-cgt-arm_20.2.7.LTS\lib\</path>
         <kind>archive</kind>
         <file>rtsv7M4_T_le_v4SPD16_eabi.lib</file>
         <name>_lock.c.obj</name>
      </input_file>
      <input_file id="fl-d8">
         <path>C:\ti\ccs1281\ccs\tools\compiler\ti-cgt-arm_20.2.7.LTS\lib\</path>
         <kind>archive</kind>
         <file>rtsv7M4_T_le_v4SPD16_eabi.lib</file>
         <name>args_main.c.obj</name>
      </input_file>
   </input_file_list>
   <object_component_list>
      <object_component id="oc-13">
         <name>.intvecs:retain</name>
         <load_address>0x0</load_address>
         <run_address>0x0</run_address>
         <size>0x208</size>
         <input_file_ref idref="fl-6"/>
      </object_component>
      <object_component id="oc-178">
         <name>.text:UARTvprintf</name>
         <load_address>0x208</load_address>
         <run_address>0x208</run_address>
         <size>0x30c</size>
         <input_file_ref idref="fl-5"/>
      </object_component>
      <object_component id="oc-d5">
         <name>.text:SysCtlClockFreqSet</name>
         <load_address>0x514</load_address>
         <run_address>0x514</run_address>
         <size>0x2e0</size>
         <input_file_ref idref="fl-13"/>
      </object_component>
      <object_component id="oc-185">
         <name>.text:GPIOPadConfigSet</name>
         <load_address>0x7f4</load_address>
         <run_address>0x7f4</run_address>
         <size>0x23a</size>
         <input_file_ref idref="fl-11"/>
      </object_component>
      <object_component id="oc-2e">
         <name>.text:Default_Handler</name>
         <load_address>0xa2e</load_address>
         <run_address>0xa2e</run_address>
         <size>0x2</size>
         <input_file_ref idref="fl-6"/>
      </object_component>
      <object_component id="oc-18c">
         <name>.text:getKey</name>
         <load_address>0xa30</load_address>
         <run_address>0xa30</run_address>
         <size>0x154</size>
         <input_file_ref idref="fl-3"/>
      </object_component>
      <object_component id="oc-a9">
         <name>.text:main</name>
         <load_address>0xb84</load_address>
         <run_address>0xb84</run_address>
         <size>0xc4</size>
         <input_file_ref idref="fl-3"/>
      </object_component>
      <object_component id="oc-42">
         <name>.text</name>
         <load_address>0xc48</load_address>
         <run_address>0xc48</run_address>
         <size>0x9c</size>
         <input_file_ref idref="fl-d1"/>
      </object_component>
      <object_component id="oc-15c">
         <name>.text:_SysCtlFrequencyGet</name>
         <load_address>0xce4</load_address>
         <run_address>0xce4</run_address>
         <size>0x90</size>
         <input_file_ref idref="fl-13"/>
      </object_component>
      <object_component id="oc-171">
         <name>.text:UARTStdioConfig</name>
         <load_address>0xd74</load_address>
         <run_address>0xd74</run_address>
         <size>0x74</size>
         <input_file_ref idref="fl-5"/>
      </object_component>
      <object_component id="oc-db">
         <name>.text:ConfigureUART</name>
         <load_address>0xde8</load_address>
         <run_address>0xde8</run_address>
         <size>0x6c</size>
         <input_file_ref idref="fl-3"/>
      </object_component>
      <object_component id="oc-16">
         <name>.text:decompress:lzss:__TI_decompress_lzss</name>
         <load_address>0xe54</load_address>
         <run_address>0xe54</run_address>
         <size>0x68</size>
         <input_file_ref idref="fl-cd"/>
      </object_component>
      <object_component id="oc-e7">
         <name>.text:keypadInit</name>
         <load_address>0xebc</load_address>
         <run_address>0xebc</run_address>
         <size>0x68</size>
         <input_file_ref idref="fl-3"/>
      </object_component>
      <object_component id="oc-1dc">
         <name>.text:UARTwrite</name>
         <load_address>0xf24</load_address>
         <run_address>0xf24</run_address>
         <size>0x5c</size>
         <input_file_ref idref="fl-5"/>
      </object_component>
      <object_component id="oc-ed">
         <name>.text:readPin</name>
         <load_address>0xf80</load_address>
         <run_address>0xf80</run_address>
         <size>0x59</size>
         <input_file_ref idref="fl-3"/>
      </object_component>
      <object_component id="oc-232">
         <name>.text</name>
         <load_address>0xfda</load_address>
         <run_address>0xfda</run_address>
         <size>0x2</size>
         <input_file_ref idref="fl-d0"/>
      </object_component>
      <object_component id="oc-156">
         <name>.text:_SysCtlMemTimingGet</name>
         <load_address>0xfdc</load_address>
         <run_address>0xfdc</run_address>
         <size>0x44</size>
         <input_file_ref idref="fl-13"/>
      </object_component>
      <object_component id="oc-111">
         <name>.text:__TI_auto_init_nobinit_nopinit:__TI_auto_init_nobinit_nopinit</name>
         <load_address>0x1020</load_address>
         <run_address>0x1020</run_address>
         <size>0x44</size>
         <input_file_ref idref="fl-d3"/>
      </object_component>
      <object_component id="oc-1e2">
         <name>.text</name>
         <load_address>0x1064</load_address>
         <run_address>0x1064</run_address>
         <size>0x40</size>
         <input_file_ref idref="fl-ca"/>
      </object_component>
      <object_component id="oc-60">
         <name>.text:_c_int00_noargs:_c_int00_noargs</name>
         <load_address>0x10a4</load_address>
         <run_address>0x10a4</run_address>
         <size>0x34</size>
         <input_file_ref idref="fl-cf"/>
      </object_component>
      <object_component id="oc-e1">
         <name>.text:UARTprintf</name>
         <load_address>0x10d8</load_address>
         <run_address>0x10d8</run_address>
         <size>0x24</size>
         <input_file_ref idref="fl-5"/>
      </object_component>
      <object_component id="oc-74">
         <name>.text:SystemInit</name>
         <load_address>0x10fc</load_address>
         <run_address>0x10fc</run_address>
         <size>0x20</size>
         <input_file_ref idref="fl-4"/>
      </object_component>
      <object_component id="oc-4e">
         <name>.text:decompress:ZI:__TI_zero_init_nomemset:__TI_zero_init_nomemset</name>
         <load_address>0x111c</load_address>
         <run_address>0x111c</run_address>
         <size>0x1c</size>
         <input_file_ref idref="fl-cb"/>
      </object_component>
      <object_component id="oc-f3">
         <name>.text:strcmp</name>
         <load_address>0x1138</load_address>
         <run_address>0x1138</run_address>
         <size>0x18</size>
         <input_file_ref idref="fl-ce"/>
      </object_component>
      <object_component id="oc-1c">
         <name>.text:decompress:none:__TI_decompress_none</name>
         <load_address>0x1150</load_address>
         <run_address>0x1150</run_address>
         <size>0xe</size>
         <input_file_ref idref="fl-cc"/>
      </object_component>
      <object_component id="oc-28">
         <name>.text:Reset_Handler</name>
         <load_address>0x115e</load_address>
         <run_address>0x115e</run_address>
         <size>0xc</size>
         <input_file_ref idref="fl-6"/>
      </object_component>
      <object_component id="oc-a3">
         <name>.text:_system_pre_init</name>
         <load_address>0x116a</load_address>
         <run_address>0x116a</run_address>
         <size>0x4</size>
         <input_file_ref idref="fl-d4"/>
      </object_component>
      <object_component id="oc-105">
         <name>.text:abort:abort</name>
         <load_address>0x116e</load_address>
         <run_address>0x116e</run_address>
         <size>0x4</size>
         <input_file_ref idref="fl-d6"/>
      </object_component>
      <object_component id="oc-168">
         <name>.const:g_pppui32XTALtoVCO</name>
         <load_address>0x1174</load_address>
         <run_address>0x1174</run_address>
         <size>0x1b0</size>
         <input_file_ref idref="fl-13"/>
      </object_component>
      <object_component id="oc-1b9">
         <name>.const:g_sXTALtoMEMTIM</name>
         <load_address>0x1324</load_address>
         <run_address>0x1324</run_address>
         <size>0x30</size>
         <input_file_ref idref="fl-13"/>
      </object_component>
      <object_component id="oc-162">
         <name>.const:g_pui32Xtals</name>
         <load_address>0x1354</load_address>
         <run_address>0x1354</run_address>
         <size>0x28</size>
         <input_file_ref idref="fl-13"/>
      </object_component>
      <object_component id="oc-238">
         <name>.const:.string</name>
         <load_address>0x137c</load_address>
         <run_address>0x137c</run_address>
         <size>0x12</size>
         <input_file_ref idref="fl-5"/>
      </object_component>
      <object_component id="oc-1ee">
         <name>.const:$P$T0$1</name>
         <load_address>0x1390</load_address>
         <run_address>0x1390</run_address>
         <size>0x10</size>
         <input_file_ref idref="fl-3"/>
      </object_component>
      <object_component id="oc-1f4">
         <name>.const:keypad</name>
         <load_address>0x13a0</load_address>
         <run_address>0x13a0</run_address>
         <size>0x10</size>
         <input_file_ref idref="fl-3"/>
      </object_component>
      <object_component id="oc-1f1">
         <name>.const:$P$T1$2</name>
         <load_address>0x13b0</load_address>
         <run_address>0x13b0</run_address>
         <size>0xc</size>
         <input_file_ref idref="fl-3"/>
      </object_component>
      <object_component id="oc-1d8">
         <name>.const:g_ui32UARTBase</name>
         <load_address>0x13bc</load_address>
         <run_address>0x13bc</run_address>
         <size>0xc</size>
         <input_file_ref idref="fl-5"/>
      </object_component>
      <object_component id="oc-1cf">
         <name>.const:g_ui32UARTPeriph</name>
         <load_address>0x13c8</load_address>
         <run_address>0x13c8</run_address>
         <size>0xc</size>
         <input_file_ref idref="fl-5"/>
      </object_component>
      <object_component id="oc-165">
         <name>.const:g_pui32VCOFrequencies</name>
         <load_address>0x13d4</load_address>
         <run_address>0x13d4</run_address>
         <size>0x8</size>
         <input_file_ref idref="fl-13"/>
      </object_component>
      <object_component id="oc-fc">
         <name>.const:.string:savedPin</name>
         <load_address>0x13dc</load_address>
         <run_address>0x13dc</run_address>
         <size>0x5</size>
         <input_file_ref idref="fl-3"/>
      </object_component>
      <object_component id="oc-1e7">
         <name>.const</name>
         <load_address>0x13e4</load_address>
         <run_address>0x13e4</run_address>
         <size>0x4</size>
         <input_file_ref idref="fl-5"/>
      </object_component>
      <object_component id="oc-282">
         <name>__TI_handler_table</name>
         <load_address>0x13e8</load_address>
         <run_address>0x13e8</run_address>
         <size>0xc</size>
      </object_component>
      <object_component id="oc-284">
         <name>.cinit..data.load</name>
         <load_address>0x13f4</load_address>
         <run_address>0x13f4</run_address>
         <size>0xa</size>
      </object_component>
      <object_component id="oc-285">
         <name>.cinit..bss.load</name>
         <load_address>0x1400</load_address>
         <run_address>0x1400</run_address>
         <size>0x8</size>
      </object_component>
      <object_component id="oc-283">
         <name>__TI_cinit_table</name>
         <load_address>0x1408</load_address>
         <run_address>0x1408</run_address>
         <size>0x10</size>
      </object_component>
      <object_component id="oc-bb">
         <name>.data</name>
         <load_address>0x20000208</load_address>
         <run_address>0x20000208</run_address>
         <size>0x4</size>
         <input_file_ref idref="fl-4"/>
      </object_component>
      <object_component id="oc-1d2">
         <name>.data</name>
         <load_address>0x20000200</load_address>
         <run_address>0x20000200</run_address>
         <size>0x5</size>
         <input_file_ref idref="fl-5"/>
      </object_component>
      <object_component id="oc-f9">
         <name>.common:g_ui32SysClock</name>
         <uninitialized>true</uninitialized>
         <run_address>0x2000020c</run_address>
         <size>0x4</size>
      </object_component>
      <object_component id="oc-25">
         <name>.stack</name>
         <uninitialized>true</uninitialized>
         <run_address>0x20000000</run_address>
         <size>0x4</size>
         <input_file_ref idref="fl-cf"/>
      </object_component>
      <object_component id="oc-287">
         <name>.stack</name>
         <uninitialized>true</uninitialized>
         <run_address>0x20000000</run_address>
         <size>0x0</size>
      </object_component>
      <object_component id="oc-c4">
         <name>.debug_info</name>
         <load_address>0x0</load_address>
         <run_address>0x0</run_address>
         <size>0x7fb</size>
         <input_file_ref idref="fl-2"/>
      </object_component>
      <object_component id="oc-7e">
         <name>.debug_info</name>
         <load_address>0x7fb</load_address>
         <run_address>0x7fb</run_address>
         <size>0x26b</size>
         <input_file_ref idref="fl-2"/>
      </object_component>
      <object_component id="oc-147">
         <name>.debug_info</name>
         <load_address>0xa66</load_address>
         <run_address>0xa66</run_address>
         <size>0x1028</size>
         <input_file_ref idref="fl-2"/>
      </object_component>
      <object_component id="oc-151">
         <name>.debug_info</name>
         <load_address>0x1a8e</load_address>
         <run_address>0x1a8e</run_address>
         <size>0x186</size>
         <input_file_ref idref="fl-2"/>
      </object_component>
      <object_component id="oc-3d">
         <name>.debug_info</name>
         <load_address>0x1c14</load_address>
         <run_address>0x1c14</run_address>
         <size>0x84</size>
         <input_file_ref idref="fl-2"/>
      </object_component>
      <object_component id="oc-bf">
         <name>.debug_info</name>
         <load_address>0x1c98</load_address>
         <run_address>0x1c98</run_address>
         <size>0x2a4</size>
         <input_file_ref idref="fl-2"/>
      </object_component>
      <object_component id="oc-83">
         <name>.debug_info</name>
         <load_address>0x1f3c</load_address>
         <run_address>0x1f3c</run_address>
         <size>0xbb</size>
         <input_file_ref idref="fl-2"/>
      </object_component>
      <object_component id="oc-14c">
         <name>.debug_info</name>
         <load_address>0x1ff7</load_address>
         <run_address>0x1ff7</run_address>
         <size>0x35</size>
         <input_file_ref idref="fl-2"/>
      </object_component>
      <object_component id="oc-fa">
         <name>.debug_info</name>
         <load_address>0x202c</load_address>
         <run_address>0x202c</run_address>
         <size>0x967</size>
         <input_file_ref idref="fl-3"/>
      </object_component>
      <object_component id="oc-fd">
         <name>.debug_info</name>
         <load_address>0x2993</load_address>
         <run_address>0x2993</run_address>
         <size>0xe6</size>
         <input_file_ref idref="fl-3"/>
      </object_component>
      <object_component id="oc-1f5">
         <name>.debug_info</name>
         <load_address>0x2a79</load_address>
         <run_address>0x2a79</run_address>
         <size>0xe2</size>
         <input_file_ref idref="fl-3"/>
      </object_component>
      <object_component id="oc-1ef">
         <name>.debug_info</name>
         <load_address>0x2b5b</load_address>
         <run_address>0x2b5b</run_address>
         <size>0xe3</size>
         <input_file_ref idref="fl-3"/>
      </object_component>
      <object_component id="oc-1f2">
         <name>.debug_info</name>
         <load_address>0x2c3e</load_address>
         <run_address>0x2c3e</run_address>
         <size>0xe3</size>
         <input_file_ref idref="fl-3"/>
      </object_component>
      <object_component id="oc-dd">
         <name>.debug_info</name>
         <load_address>0x2d21</load_address>
         <run_address>0x2d21</run_address>
         <size>0x153</size>
         <input_file_ref idref="fl-3"/>
      </object_component>
      <object_component id="oc-e8">
         <name>.debug_info</name>
         <load_address>0x2e74</load_address>
         <run_address>0x2e74</run_address>
         <size>0x14e</size>
         <input_file_ref idref="fl-3"/>
      </object_component>
      <object_component id="oc-18e">
         <name>.debug_info</name>
         <load_address>0x2fc2</load_address>
         <run_address>0x2fc2</run_address>
         <size>0x198</size>
         <input_file_ref idref="fl-3"/>
      </object_component>
      <object_component id="oc-ef">
         <name>.debug_info</name>
         <load_address>0x315a</load_address>
         <run_address>0x315a</run_address>
         <size>0x167</size>
         <input_file_ref idref="fl-3"/>
      </object_component>
      <object_component id="oc-ab">
         <name>.debug_info</name>
         <load_address>0x32c1</load_address>
         <run_address>0x32c1</run_address>
         <size>0x1c4</size>
         <input_file_ref idref="fl-3"/>
      </object_component>
      <object_component id="oc-100">
         <name>.debug_info</name>
         <load_address>0x3485</load_address>
         <run_address>0x3485</run_address>
         <size>0x8b</size>
         <input_file_ref idref="fl-3"/>
      </object_component>
      <object_component id="oc-180">
         <name>.debug_info</name>
         <load_address>0x3510</load_address>
         <run_address>0x3510</run_address>
         <size>0x2c</size>
         <input_file_ref idref="fl-3"/>
      </object_component>
      <object_component id="oc-bc">
         <name>.debug_info</name>
         <load_address>0x353c</load_address>
         <run_address>0x353c</run_address>
         <size>0x102</size>
         <input_file_ref idref="fl-4"/>
      </object_component>
      <object_component id="oc-75">
         <name>.debug_info</name>
         <load_address>0x363e</load_address>
         <run_address>0x363e</run_address>
         <size>0x13e</size>
         <input_file_ref idref="fl-4"/>
      </object_component>
      <object_component id="oc-17f">
         <name>.debug_info</name>
         <load_address>0x377c</load_address>
         <run_address>0x377c</run_address>
         <size>0x7f3</size>
         <input_file_ref idref="fl-5"/>
      </object_component>
      <object_component id="oc-1d3">
         <name>.debug_info</name>
         <load_address>0x3f6f</load_address>
         <run_address>0x3f6f</run_address>
         <size>0xee</size>
         <input_file_ref idref="fl-5"/>
      </object_component>
      <object_component id="oc-1e8">
         <name>.debug_info</name>
         <load_address>0x405d</load_address>
         <run_address>0x405d</run_address>
         <size>0xe8</size>
         <input_file_ref idref="fl-5"/>
      </object_component>
      <object_component id="oc-1d9">
         <name>.debug_info</name>
         <load_address>0x4145</load_address>
         <run_address>0x4145</run_address>
         <size>0xf6</size>
         <input_file_ref idref="fl-5"/>
      </object_component>
      <object_component id="oc-1d0">
         <name>.debug_info</name>
         <load_address>0x423b</load_address>
         <run_address>0x423b</run_address>
         <size>0xfa</size>
         <input_file_ref idref="fl-5"/>
      </object_component>
      <object_component id="oc-174">
         <name>.debug_info</name>
         <load_address>0x4335</load_address>
         <run_address>0x4335</run_address>
         <size>0x201</size>
         <input_file_ref idref="fl-5"/>
      </object_component>
      <object_component id="oc-1de">
         <name>.debug_info</name>
         <load_address>0x4536</load_address>
         <run_address>0x4536</run_address>
         <size>0x19e</size>
         <input_file_ref idref="fl-5"/>
      </object_component>
      <object_component id="oc-1d5">
         <name>.debug_info</name>
         <load_address>0x46d4</load_address>
         <run_address>0x46d4</run_address>
         <size>0x1fd</size>
         <input_file_ref idref="fl-5"/>
      </object_component>
      <object_component id="oc-17a">
         <name>.debug_info</name>
         <load_address>0x48d1</load_address>
         <run_address>0x48d1</run_address>
         <size>0x2fe</size>
         <input_file_ref idref="fl-5"/>
      </object_component>
      <object_component id="oc-e2">
         <name>.debug_info</name>
         <load_address>0x4bcf</load_address>
         <run_address>0x4bcf</run_address>
         <size>0x169</size>
         <input_file_ref idref="fl-5"/>
      </object_component>
      <object_component id="oc-36">
         <name>.debug_info</name>
         <load_address>0x4d38</load_address>
         <run_address>0x4d38</run_address>
         <size>0x2e2</size>
         <input_file_ref idref="fl-6"/>
      </object_component>
      <object_component id="oc-14">
         <name>.debug_info</name>
         <load_address>0x501a</load_address>
         <run_address>0x501a</run_address>
         <size>0x10d</size>
         <input_file_ref idref="fl-6"/>
      </object_component>
      <object_component id="oc-2b">
         <name>.debug_info</name>
         <load_address>0x5127</load_address>
         <run_address>0x5127</run_address>
         <size>0x173</size>
         <input_file_ref idref="fl-6"/>
      </object_component>
      <object_component id="oc-30">
         <name>.debug_info</name>
         <load_address>0x529a</load_address>
         <run_address>0x529a</run_address>
         <size>0x15b</size>
         <input_file_ref idref="fl-6"/>
      </object_component>
      <object_component id="oc-228">
         <name>.debug_info</name>
         <load_address>0x53f5</load_address>
         <run_address>0x53f5</run_address>
         <size>0x8a4</size>
         <input_file_ref idref="fl-11"/>
      </object_component>
      <object_component id="oc-188">
         <name>.debug_info</name>
         <load_address>0x5c99</load_address>
         <run_address>0x5c99</run_address>
         <size>0x29d</size>
         <input_file_ref idref="fl-11"/>
      </object_component>
      <object_component id="oc-223">
         <name>.debug_info</name>
         <load_address>0x5f36</load_address>
         <run_address>0x5f36</run_address>
         <size>0x26b</size>
         <input_file_ref idref="fl-11"/>
      </object_component>
      <object_component id="oc-252">
         <name>.debug_info</name>
         <load_address>0x61a1</load_address>
         <run_address>0x61a1</run_address>
         <size>0x1028</size>
         <input_file_ref idref="fl-11"/>
      </object_component>
      <object_component id="oc-1ca">
         <name>.debug_info</name>
         <load_address>0x71c9</load_address>
         <run_address>0x71c9</run_address>
         <size>0x297</size>
         <input_file_ref idref="fl-11"/>
      </object_component>
      <object_component id="oc-1bd">
         <name>.debug_info</name>
         <load_address>0x7460</load_address>
         <run_address>0x7460</run_address>
         <size>0xef</size>
         <input_file_ref idref="fl-11"/>
      </object_component>
      <object_component id="oc-16c">
         <name>.debug_info</name>
         <load_address>0x754f</load_address>
         <run_address>0x754f</run_address>
         <size>0xbb</size>
         <input_file_ref idref="fl-11"/>
      </object_component>
      <object_component id="oc-1c5">
         <name>.debug_info</name>
         <load_address>0x760a</load_address>
         <run_address>0x760a</run_address>
         <size>0x3de</size>
         <input_file_ref idref="fl-13"/>
      </object_component>
      <object_component id="oc-163">
         <name>.debug_info</name>
         <load_address>0x79e8</load_address>
         <run_address>0x79e8</run_address>
         <size>0x12b</size>
         <input_file_ref idref="fl-13"/>
      </object_component>
      <object_component id="oc-169">
         <name>.debug_info</name>
         <load_address>0x7b13</load_address>
         <run_address>0x7b13</run_address>
         <size>0x137</size>
         <input_file_ref idref="fl-13"/>
      </object_component>
      <object_component id="oc-1ba">
         <name>.debug_info</name>
         <load_address>0x7c4a</load_address>
         <run_address>0x7c4a</run_address>
         <size>0x131</size>
         <input_file_ref idref="fl-13"/>
      </object_component>
      <object_component id="oc-166">
         <name>.debug_info</name>
         <load_address>0x7d7b</load_address>
         <run_address>0x7d7b</run_address>
         <size>0x13e</size>
         <input_file_ref idref="fl-13"/>
      </object_component>
      <object_component id="oc-158">
         <name>.debug_info</name>
         <load_address>0x7eb9</load_address>
         <run_address>0x7eb9</run_address>
         <size>0x208</size>
         <input_file_ref idref="fl-13"/>
      </object_component>
      <object_component id="oc-15d">
         <name>.debug_info</name>
         <load_address>0x80c1</load_address>
         <run_address>0x80c1</run_address>
         <size>0x289</size>
         <input_file_ref idref="fl-13"/>
      </object_component>
      <object_component id="oc-d6">
         <name>.debug_info</name>
         <load_address>0x834a</load_address>
         <run_address>0x834a</run_address>
         <size>0x3c7</size>
         <input_file_ref idref="fl-13"/>
      </object_component>
      <object_component id="oc-21f">
         <name>.debug_info</name>
         <load_address>0x8711</load_address>
         <run_address>0x8711</run_address>
         <size>0x51</size>
         <input_file_ref idref="fl-13"/>
      </object_component>
      <object_component id="oc-1e5">
         <name>.debug_info</name>
         <load_address>0x8762</load_address>
         <run_address>0x8762</run_address>
         <size>0x142</size>
         <input_file_ref idref="fl-ca"/>
      </object_component>
      <object_component id="oc-9c">
         <name>.debug_info</name>
         <load_address>0x88a4</load_address>
         <run_address>0x88a4</run_address>
         <size>0x2d4</size>
         <input_file_ref idref="fl-cb"/>
      </object_component>
      <object_component id="oc-4f">
         <name>.debug_info</name>
         <load_address>0x8b78</load_address>
         <run_address>0x8b78</run_address>
         <size>0x1d2</size>
         <input_file_ref idref="fl-cb"/>
      </object_component>
      <object_component id="oc-97">
         <name>.debug_info</name>
         <load_address>0x8d4a</load_address>
         <run_address>0x8d4a</run_address>
         <size>0x46</size>
         <input_file_ref idref="fl-cb"/>
      </object_component>
      <object_component id="oc-cc">
         <name>.debug_info</name>
         <load_address>0x8d90</load_address>
         <run_address>0x8d90</run_address>
         <size>0x2c</size>
         <input_file_ref idref="fl-cb"/>
      </object_component>
      <object_component id="oc-4d">
         <name>.debug_info</name>
         <load_address>0x8dbc</load_address>
         <run_address>0x8dbc</run_address>
         <size>0x2a8</size>
         <input_file_ref idref="fl-cc"/>
      </object_component>
      <object_component id="oc-1f">
         <name>.debug_info</name>
         <load_address>0x9064</load_address>
         <run_address>0x9064</run_address>
         <size>0x1ea</size>
         <input_file_ref idref="fl-cc"/>
      </object_component>
      <object_component id="oc-48">
         <name>.debug_info</name>
         <load_address>0x924e</load_address>
         <run_address>0x924e</run_address>
         <size>0x46</size>
         <input_file_ref idref="fl-cc"/>
      </object_component>
      <object_component id="oc-8f">
         <name>.debug_info</name>
         <load_address>0x9294</load_address>
         <run_address>0x9294</run_address>
         <size>0x2c</size>
         <input_file_ref idref="fl-cc"/>
      </object_component>
      <object_component id="oc-8d">
         <name>.debug_info</name>
         <load_address>0x92c0</load_address>
         <run_address>0x92c0</run_address>
         <size>0x29e</size>
         <input_file_ref idref="fl-cd"/>
      </object_component>
      <object_component id="oc-17">
         <name>.debug_info</name>
         <load_address>0x955e</load_address>
         <run_address>0x955e</run_address>
         <size>0x250</size>
         <input_file_ref idref="fl-cd"/>
      </object_component>
      <object_component id="oc-38">
         <name>.debug_info</name>
         <load_address>0x97ae</load_address>
         <run_address>0x97ae</run_address>
         <size>0x60</size>
         <input_file_ref idref="fl-cd"/>
      </object_component>
      <object_component id="oc-c5">
         <name>.debug_info</name>
         <load_address>0x980e</load_address>
         <run_address>0x980e</run_address>
         <size>0x46</size>
         <input_file_ref idref="fl-cd"/>
      </object_component>
      <object_component id="oc-88">
         <name>.debug_info</name>
         <load_address>0x9854</load_address>
         <run_address>0x9854</run_address>
         <size>0x39</size>
         <input_file_ref idref="fl-cd"/>
      </object_component>
      <object_component id="oc-194">
         <name>.debug_info</name>
         <load_address>0x988d</load_address>
         <run_address>0x988d</run_address>
         <size>0x28a</size>
         <input_file_ref idref="fl-ce"/>
      </object_component>
      <object_component id="oc-f4">
         <name>.debug_info</name>
         <load_address>0x9b17</load_address>
         <run_address>0x9b17</run_address>
         <size>0x273</size>
         <input_file_ref idref="fl-ce"/>
      </object_component>
      <object_component id="oc-26">
         <name>.debug_info</name>
         <load_address>0x9d8a</load_address>
         <run_address>0x9d8a</run_address>
         <size>0x10b</size>
         <input_file_ref idref="fl-cf"/>
      </object_component>
      <object_component id="oc-61">
         <name>.debug_info</name>
         <load_address>0x9e95</load_address>
         <run_address>0x9e95</run_address>
         <size>0x1a9</size>
         <input_file_ref idref="fl-cf"/>
      </object_component>
      <object_component id="oc-233">
         <name>.debug_info</name>
         <load_address>0xa03e</load_address>
         <run_address>0xa03e</run_address>
         <size>0x115</size>
         <input_file_ref idref="fl-d0"/>
      </object_component>
      <object_component id="oc-43">
         <name>.debug_info</name>
         <load_address>0xa153</load_address>
         <run_address>0xa153</run_address>
         <size>0x119</size>
         <input_file_ref idref="fl-d1"/>
      </object_component>
      <object_component id="oc-1a4">
         <name>.debug_info</name>
         <load_address>0xa26c</load_address>
         <run_address>0xa26c</run_address>
         <size>0x4b3</size>
         <input_file_ref idref="fl-d3"/>
      </object_component>
      <object_component id="oc-112">
         <name>.debug_info</name>
         <load_address>0xa71f</load_address>
         <run_address>0xa71f</run_address>
         <size>0x1a6</size>
         <input_file_ref idref="fl-d3"/>
      </object_component>
      <object_component id="oc-20a">
         <name>.debug_info</name>
         <load_address>0xa8c5</load_address>
         <run_address>0xa8c5</run_address>
         <size>0x39</size>
         <input_file_ref idref="fl-d3"/>
      </object_component>
      <object_component id="oc-244">
         <name>.debug_info</name>
         <load_address>0xa8fe</load_address>
         <run_address>0xa8fe</run_address>
         <size>0x39</size>
         <input_file_ref idref="fl-d3"/>
      </object_component>
      <object_component id="oc-20f">
         <name>.debug_info</name>
         <load_address>0xa937</load_address>
         <run_address>0xa937</run_address>
         <size>0x39</size>
         <input_file_ref idref="fl-d3"/>
      </object_component>
      <object_component id="oc-214">
         <name>.debug_info</name>
         <load_address>0xa970</load_address>
         <run_address>0xa970</run_address>
         <size>0xcd</size>
         <input_file_ref idref="fl-d3"/>
      </object_component>
      <object_component id="oc-a4">
         <name>.debug_info</name>
         <load_address>0xaa3d</load_address>
         <run_address>0xaa3d</run_address>
         <size>0x153</size>
         <input_file_ref idref="fl-d4"/>
      </object_component>
      <object_component id="oc-108">
         <name>.debug_info</name>
         <load_address>0xab90</load_address>
         <run_address>0xab90</run_address>
         <size>0x122</size>
         <input_file_ref idref="fl-d6"/>
      </object_component>
      <object_component id="oc-288">
         <name>.debug_info</name>
         <load_address>0xacb2</load_address>
         <run_address>0xacb2</run_address>
         <size>0xb5</size>
      </object_component>
      <object_component id="oc-146">
         <name>.debug_line</name>
         <load_address>0x0</load_address>
         <run_address>0x0</run_address>
         <size>0x78</size>
         <input_file_ref idref="fl-2"/>
      </object_component>
      <object_component id="oc-81">
         <name>.debug_line</name>
         <load_address>0x78</load_address>
         <run_address>0x78</run_address>
         <size>0x6f</size>
         <input_file_ref idref="fl-2"/>
      </object_component>
      <object_component id="oc-14a">
         <name>.debug_line</name>
         <load_address>0xe7</load_address>
         <run_address>0xe7</run_address>
         <size>0x78</size>
         <input_file_ref idref="fl-2"/>
      </object_component>
      <object_component id="oc-154">
         <name>.debug_line</name>
         <load_address>0x15f</load_address>
         <run_address>0x15f</run_address>
         <size>0x78</size>
         <input_file_ref idref="fl-2"/>
      </object_component>
      <object_component id="oc-40">
         <name>.debug_line</name>
         <load_address>0x1d7</load_address>
         <run_address>0x1d7</run_address>
         <size>0x20</size>
         <input_file_ref idref="fl-2"/>
      </object_component>
      <object_component id="oc-c2">
         <name>.debug_line</name>
         <load_address>0x1f7</load_address>
         <run_address>0x1f7</run_address>
         <size>0x73</size>
         <input_file_ref idref="fl-2"/>
      </object_component>
      <object_component id="oc-86">
         <name>.debug_line</name>
         <load_address>0x26a</load_address>
         <run_address>0x26a</run_address>
         <size>0x70</size>
         <input_file_ref idref="fl-2"/>
      </object_component>
      <object_component id="oc-14f">
         <name>.debug_line</name>
         <load_address>0x2da</load_address>
         <run_address>0x2da</run_address>
         <size>0x72</size>
         <input_file_ref idref="fl-2"/>
      </object_component>
      <object_component id="oc-196">
         <name>.debug_line</name>
         <load_address>0x34c</load_address>
         <run_address>0x34c</run_address>
         <size>0x13c</size>
         <input_file_ref idref="fl-3"/>
      </object_component>
      <object_component id="oc-198">
         <name>.debug_line</name>
         <load_address>0x488</load_address>
         <run_address>0x488</run_address>
         <size>0x2d</size>
         <input_file_ref idref="fl-3"/>
      </object_component>
      <object_component id="oc-240">
         <name>.debug_line</name>
         <load_address>0x4b5</load_address>
         <run_address>0x4b5</run_address>
         <size>0x2d</size>
         <input_file_ref idref="fl-3"/>
      </object_component>
      <object_component id="oc-23c">
         <name>.debug_line</name>
         <load_address>0x4e2</load_address>
         <run_address>0x4e2</run_address>
         <size>0x2d</size>
         <input_file_ref idref="fl-3"/>
      </object_component>
      <object_component id="oc-23e">
         <name>.debug_line</name>
         <load_address>0x50f</load_address>
         <run_address>0x50f</run_address>
         <size>0x2d</size>
         <input_file_ref idref="fl-3"/>
      </object_component>
      <object_component id="oc-dc">
         <name>.debug_line</name>
         <load_address>0x53c</load_address>
         <run_address>0x53c</run_address>
         <size>0x49</size>
         <input_file_ref idref="fl-3"/>
      </object_component>
      <object_component id="oc-eb">
         <name>.debug_line</name>
         <load_address>0x585</load_address>
         <run_address>0x585</run_address>
         <size>0x4e</size>
         <input_file_ref idref="fl-3"/>
      </object_component>
      <object_component id="oc-18d">
         <name>.debug_line</name>
         <load_address>0x5d3</load_address>
         <run_address>0x5d3</run_address>
         <size>0x8f</size>
         <input_file_ref idref="fl-3"/>
      </object_component>
      <object_component id="oc-ee">
         <name>.debug_line</name>
         <load_address>0x662</load_address>
         <run_address>0x662</run_address>
         <size>0x59</size>
         <input_file_ref idref="fl-3"/>
      </object_component>
      <object_component id="oc-aa">
         <name>.debug_line</name>
         <load_address>0x6bb</load_address>
         <run_address>0x6bb</run_address>
         <size>0x56</size>
         <input_file_ref idref="fl-3"/>
      </object_component>
      <object_component id="oc-103">
         <name>.debug_line</name>
         <load_address>0x711</load_address>
         <run_address>0x711</run_address>
         <size>0x20</size>
         <input_file_ref idref="fl-3"/>
      </object_component>
      <object_component id="oc-183">
         <name>.debug_line</name>
         <load_address>0x731</load_address>
         <run_address>0x731</run_address>
         <size>0x6b</size>
         <input_file_ref idref="fl-3"/>
      </object_component>
      <object_component id="oc-144">
         <name>.debug_line</name>
         <load_address>0x79c</load_address>
         <run_address>0x79c</run_address>
         <size>0x3b</size>
         <input_file_ref idref="fl-4"/>
      </object_component>
      <object_component id="oc-79">
         <name>.debug_line</name>
         <load_address>0x7d7</load_address>
         <run_address>0x7d7</run_address>
         <size>0x56</size>
         <input_file_ref idref="fl-4"/>
      </object_component>
      <object_component id="oc-1ec">
         <name>.debug_line</name>
         <load_address>0x82d</load_address>
         <run_address>0x82d</run_address>
         <size>0x20</size>
         <input_file_ref idref="fl-5"/>
      </object_component>
      <object_component id="oc-22c">
         <name>.debug_line</name>
         <load_address>0x84d</load_address>
         <run_address>0x84d</run_address>
         <size>0x32</size>
         <input_file_ref idref="fl-5"/>
      </object_component>
      <object_component id="oc-23a">
         <name>.debug_line</name>
         <load_address>0x87f</load_address>
         <run_address>0x87f</run_address>
         <size>0x32</size>
         <input_file_ref idref="fl-5"/>
      </object_component>
      <object_component id="oc-230">
         <name>.debug_line</name>
         <load_address>0x8b1</load_address>
         <run_address>0x8b1</run_address>
         <size>0x32</size>
         <input_file_ref idref="fl-5"/>
      </object_component>
      <object_component id="oc-22a">
         <name>.debug_line</name>
         <load_address>0x8e3</load_address>
         <run_address>0x8e3</run_address>
         <size>0x32</size>
         <input_file_ref idref="fl-5"/>
      </object_component>
      <object_component id="oc-173">
         <name>.debug_line</name>
         <load_address>0x915</load_address>
         <run_address>0x915</run_address>
         <size>0x5b</size>
         <input_file_ref idref="fl-5"/>
      </object_component>
      <object_component id="oc-1dd">
         <name>.debug_line</name>
         <load_address>0x970</load_address>
         <run_address>0x970</run_address>
         <size>0x6c</size>
         <input_file_ref idref="fl-5"/>
      </object_component>
      <object_component id="oc-22e">
         <name>.debug_line</name>
         <load_address>0x9dc</load_address>
         <run_address>0x9dc</run_address>
         <size>0xa8</size>
         <input_file_ref idref="fl-5"/>
      </object_component>
      <object_component id="oc-17d">
         <name>.debug_line</name>
         <load_address>0xa84</load_address>
         <run_address>0xa84</run_address>
         <size>0xe7</size>
         <input_file_ref idref="fl-5"/>
      </object_component>
      <object_component id="oc-e5">
         <name>.debug_line</name>
         <load_address>0xb6b</load_address>
         <run_address>0xb6b</run_address>
         <size>0x4c</size>
         <input_file_ref idref="fl-5"/>
      </object_component>
      <object_component id="oc-7d">
         <name>.debug_line</name>
         <load_address>0xbb7</load_address>
         <run_address>0xbb7</run_address>
         <size>0x44</size>
         <input_file_ref idref="fl-6"/>
      </object_component>
      <object_component id="oc-35">
         <name>.debug_line</name>
         <load_address>0xbfb</load_address>
         <run_address>0xbfb</run_address>
         <size>0x44</size>
         <input_file_ref idref="fl-6"/>
      </object_component>
      <object_component id="oc-29">
         <name>.debug_line</name>
         <load_address>0xc3f</load_address>
         <run_address>0xc3f</run_address>
         <size>0x5d</size>
         <input_file_ref idref="fl-6"/>
      </object_component>
      <object_component id="oc-2f">
         <name>.debug_line</name>
         <load_address>0xc9c</load_address>
         <run_address>0xc9c</run_address>
         <size>0x59</size>
         <input_file_ref idref="fl-6"/>
      </object_component>
      <object_component id="oc-251">
         <name>.debug_line</name>
         <load_address>0xcf5</load_address>
         <run_address>0xcf5</run_address>
         <size>0x54</size>
         <input_file_ref idref="fl-11"/>
      </object_component>
      <object_component id="oc-18a">
         <name>.debug_line</name>
         <load_address>0xd49</load_address>
         <run_address>0xd49</run_address>
         <size>0xa5</size>
         <input_file_ref idref="fl-11"/>
      </object_component>
      <object_component id="oc-226">
         <name>.debug_line</name>
         <load_address>0xdee</load_address>
         <run_address>0xdee</run_address>
         <size>0x51</size>
         <input_file_ref idref="fl-11"/>
      </object_component>
      <object_component id="oc-255">
         <name>.debug_line</name>
         <load_address>0xe3f</load_address>
         <run_address>0xe3f</run_address>
         <size>0x4f</size>
         <input_file_ref idref="fl-11"/>
      </object_component>
      <object_component id="oc-1cd">
         <name>.debug_line</name>
         <load_address>0xe8e</load_address>
         <run_address>0xe8e</run_address>
         <size>0x55</size>
         <input_file_ref idref="fl-11"/>
      </object_component>
      <object_component id="oc-1c0">
         <name>.debug_line</name>
         <load_address>0xee3</load_address>
         <run_address>0xee3</run_address>
         <size>0x51</size>
         <input_file_ref idref="fl-11"/>
      </object_component>
      <object_component id="oc-16f">
         <name>.debug_line</name>
         <load_address>0xf34</load_address>
         <run_address>0xf34</run_address>
         <size>0x52</size>
         <input_file_ref idref="fl-11"/>
      </object_component>
      <object_component id="oc-21e">
         <name>.debug_line</name>
         <load_address>0xf86</load_address>
         <run_address>0xf86</run_address>
         <size>0x82</size>
         <input_file_ref idref="fl-13"/>
      </object_component>
      <object_component id="oc-1c4">
         <name>.debug_line</name>
         <load_address>0x1008</load_address>
         <run_address>0x1008</run_address>
         <size>0x51</size>
         <input_file_ref idref="fl-13"/>
      </object_component>
      <object_component id="oc-1c9">
         <name>.debug_line</name>
         <load_address>0x1059</load_address>
         <run_address>0x1059</run_address>
         <size>0x51</size>
         <input_file_ref idref="fl-13"/>
      </object_component>
      <object_component id="oc-21c">
         <name>.debug_line</name>
         <load_address>0x10aa</load_address>
         <run_address>0x10aa</run_address>
         <size>0x51</size>
         <input_file_ref idref="fl-13"/>
      </object_component>
      <object_component id="oc-1c7">
         <name>.debug_line</name>
         <load_address>0x10fb</load_address>
         <run_address>0x10fb</run_address>
         <size>0x51</size>
         <input_file_ref idref="fl-13"/>
      </object_component>
      <object_component id="oc-157">
         <name>.debug_line</name>
         <load_address>0x114c</load_address>
         <run_address>0x114c</run_address>
         <size>0x79</size>
         <input_file_ref idref="fl-13"/>
      </object_component>
      <object_component id="oc-161">
         <name>.debug_line</name>
         <load_address>0x11c5</load_address>
         <run_address>0x11c5</run_address>
         <size>0x74</size>
         <input_file_ref idref="fl-13"/>
      </object_component>
      <object_component id="oc-d9">
         <name>.debug_line</name>
         <load_address>0x1239</load_address>
         <run_address>0x1239</run_address>
         <size>0x121</size>
         <input_file_ref idref="fl-13"/>
      </object_component>
      <object_component id="oc-221">
         <name>.debug_line</name>
         <load_address>0x135a</load_address>
         <run_address>0x135a</run_address>
         <size>0x51</size>
         <input_file_ref idref="fl-13"/>
      </object_component>
      <object_component id="oc-1e3">
         <name>.debug_line</name>
         <load_address>0x13ab</load_address>
         <run_address>0x13ab</run_address>
         <size>0x5b</size>
         <input_file_ref idref="fl-ca"/>
      </object_component>
      <object_component id="oc-d2">
         <name>.debug_line</name>
         <load_address>0x1406</load_address>
         <run_address>0x1406</run_address>
         <size>0x92</size>
         <input_file_ref idref="fl-cb"/>
      </object_component>
      <object_component id="oc-53">
         <name>.debug_line</name>
         <load_address>0x1498</load_address>
         <run_address>0x1498</run_address>
         <size>0x4c</size>
         <input_file_ref idref="fl-cb"/>
      </object_component>
      <object_component id="oc-9a">
         <name>.debug_line</name>
         <load_address>0x14e4</load_address>
         <run_address>0x14e4</run_address>
         <size>0x34</size>
         <input_file_ref idref="fl-cb"/>
      </object_component>
      <object_component id="oc-cf">
         <name>.debug_line</name>
         <load_address>0x1518</load_address>
         <run_address>0x1518</run_address>
         <size>0x92</size>
         <input_file_ref idref="fl-cb"/>
      </object_component>
      <object_component id="oc-95">
         <name>.debug_line</name>
         <load_address>0x15aa</load_address>
         <run_address>0x15aa</run_address>
         <size>0x20</size>
         <input_file_ref idref="fl-cc"/>
      </object_component>
      <object_component id="oc-1d">
         <name>.debug_line</name>
         <load_address>0x15ca</load_address>
         <run_address>0x15ca</run_address>
         <size>0x55</size>
         <input_file_ref idref="fl-cc"/>
      </object_component>
      <object_component id="oc-4b">
         <name>.debug_line</name>
         <load_address>0x161f</load_address>
         <run_address>0x161f</run_address>
         <size>0x3a</size>
         <input_file_ref idref="fl-cc"/>
      </object_component>
      <object_component id="oc-92">
         <name>.debug_line</name>
         <load_address>0x1659</load_address>
         <run_address>0x1659</run_address>
         <size>0x92</size>
         <input_file_ref idref="fl-cc"/>
      </object_component>
      <object_component id="oc-cb">
         <name>.debug_line</name>
         <load_address>0x16eb</load_address>
         <run_address>0x16eb</run_address>
         <size>0x20</size>
         <input_file_ref idref="fl-cd"/>
      </object_component>
      <object_component id="oc-1b">
         <name>.debug_line</name>
         <load_address>0x170b</load_address>
         <run_address>0x170b</run_address>
         <size>0xa9</size>
         <input_file_ref idref="fl-cd"/>
      </object_component>
      <object_component id="oc-3b">
         <name>.debug_line</name>
         <load_address>0x17b4</load_address>
         <run_address>0x17b4</run_address>
         <size>0x3a</size>
         <input_file_ref idref="fl-cd"/>
      </object_component>
      <object_component id="oc-c8">
         <name>.debug_line</name>
         <load_address>0x17ee</load_address>
         <run_address>0x17ee</run_address>
         <size>0x9a</size>
         <input_file_ref idref="fl-cd"/>
      </object_component>
      <object_component id="oc-8b">
         <name>.debug_line</name>
         <load_address>0x1888</load_address>
         <run_address>0x1888</run_address>
         <size>0x96</size>
         <input_file_ref idref="fl-cd"/>
      </object_component>
      <object_component id="oc-1f9">
         <name>.debug_line</name>
         <load_address>0x191e</load_address>
         <run_address>0x191e</run_address>
         <size>0x20</size>
         <input_file_ref idref="fl-ce"/>
      </object_component>
      <object_component id="oc-f7">
         <name>.debug_line</name>
         <load_address>0x193e</load_address>
         <run_address>0x193e</run_address>
         <size>0xad</size>
         <input_file_ref idref="fl-ce"/>
      </object_component>
      <object_component id="oc-73">
         <name>.debug_line</name>
         <load_address>0x19eb</load_address>
         <run_address>0x19eb</run_address>
         <size>0x33</size>
         <input_file_ref idref="fl-cf"/>
      </object_component>
      <object_component id="oc-64">
         <name>.debug_line</name>
         <load_address>0x1a1e</load_address>
         <run_address>0x1a1e</run_address>
         <size>0x45</size>
         <input_file_ref idref="fl-cf"/>
      </object_component>
      <object_component id="oc-236">
         <name>.debug_line</name>
         <load_address>0x1a63</load_address>
         <run_address>0x1a63</run_address>
         <size>0x37</size>
         <input_file_ref idref="fl-d0"/>
      </object_component>
      <object_component id="oc-46">
         <name>.debug_line</name>
         <load_address>0x1a9a</load_address>
         <run_address>0x1a9a</run_address>
         <size>0x88</size>
         <input_file_ref idref="fl-d1"/>
      </object_component>
      <object_component id="oc-209">
         <name>.debug_line</name>
         <load_address>0x1b22</load_address>
         <run_address>0x1b22</run_address>
         <size>0xbf</size>
         <input_file_ref idref="fl-d3"/>
      </object_component>
      <object_component id="oc-115">
         <name>.debug_line</name>
         <load_address>0x1be1</load_address>
         <run_address>0x1be1</run_address>
         <size>0x6f</size>
         <input_file_ref idref="fl-d3"/>
      </object_component>
      <object_component id="oc-20d">
         <name>.debug_line</name>
         <load_address>0x1c50</load_address>
         <run_address>0x1c50</run_address>
         <size>0x2e</size>
         <input_file_ref idref="fl-d3"/>
      </object_component>
      <object_component id="oc-247">
         <name>.debug_line</name>
         <load_address>0x1c7e</load_address>
         <run_address>0x1c7e</run_address>
         <size>0x9a</size>
         <input_file_ref idref="fl-d3"/>
      </object_component>
      <object_component id="oc-212">
         <name>.debug_line</name>
         <load_address>0x1d18</load_address>
         <run_address>0x1d18</run_address>
         <size>0x97</size>
         <input_file_ref idref="fl-d3"/>
      </object_component>
      <object_component id="oc-217">
         <name>.debug_line</name>
         <load_address>0x1daf</load_address>
         <run_address>0x1daf</run_address>
         <size>0x93</size>
         <input_file_ref idref="fl-d3"/>
      </object_component>
      <object_component id="oc-a7">
         <name>.debug_line</name>
         <load_address>0x1e42</load_address>
         <run_address>0x1e42</run_address>
         <size>0x40</size>
         <input_file_ref idref="fl-d4"/>
      </object_component>
      <object_component id="oc-106">
         <name>.debug_line</name>
         <load_address>0x1e82</load_address>
         <run_address>0x1e82</run_address>
         <size>0x3c</size>
         <input_file_ref idref="fl-d6"/>
      </object_component>
      <object_component id="oc-145">
         <name>.debug_abbrev</name>
         <load_address>0x0</load_address>
         <run_address>0x0</run_address>
         <size>0xa4</size>
         <input_file_ref idref="fl-2"/>
      </object_component>
      <object_component id="oc-80">
         <name>.debug_abbrev</name>
         <load_address>0xa4</load_address>
         <run_address>0xa4</run_address>
         <size>0x69</size>
         <input_file_ref idref="fl-2"/>
      </object_component>
      <object_component id="oc-149">
         <name>.debug_abbrev</name>
         <load_address>0x10d</load_address>
         <run_address>0x10d</run_address>
         <size>0x97</size>
         <input_file_ref idref="fl-2"/>
      </object_component>
      <object_component id="oc-153">
         <name>.debug_abbrev</name>
         <load_address>0x1a4</load_address>
         <run_address>0x1a4</run_address>
         <size>0xa6</size>
         <input_file_ref idref="fl-2"/>
      </object_component>
      <object_component id="oc-3f">
         <name>.debug_abbrev</name>
         <load_address>0x24a</load_address>
         <run_address>0x24a</run_address>
         <size>0x1f</size>
         <input_file_ref idref="fl-2"/>
      </object_component>
      <object_component id="oc-c1">
         <name>.debug_abbrev</name>
         <load_address>0x269</load_address>
         <run_address>0x269</run_address>
         <size>0x5c</size>
         <input_file_ref idref="fl-2"/>
      </object_component>
      <object_component id="oc-85">
         <name>.debug_abbrev</name>
         <load_address>0x2c5</load_address>
         <run_address>0x2c5</run_address>
         <size>0x24</size>
         <input_file_ref idref="fl-2"/>
      </object_component>
      <object_component id="oc-14e">
         <name>.debug_abbrev</name>
         <load_address>0x2e9</load_address>
         <run_address>0x2e9</run_address>
         <size>0x33</size>
         <input_file_ref idref="fl-2"/>
      </object_component>
      <object_component id="oc-195">
         <name>.debug_abbrev</name>
         <load_address>0x31c</load_address>
         <run_address>0x31c</run_address>
         <size>0xf6</size>
         <input_file_ref idref="fl-3"/>
      </object_component>
      <object_component id="oc-197">
         <name>.debug_abbrev</name>
         <load_address>0x412</load_address>
         <run_address>0x412</run_address>
         <size>0x29</size>
         <input_file_ref idref="fl-3"/>
      </object_component>
      <object_component id="oc-23f">
         <name>.debug_abbrev</name>
         <load_address>0x43b</load_address>
         <run_address>0x43b</run_address>
         <size>0x29</size>
         <input_file_ref idref="fl-3"/>
      </object_component>
      <object_component id="oc-23b">
         <name>.debug_abbrev</name>
         <load_address>0x464</load_address>
         <run_address>0x464</run_address>
         <size>0x27</size>
         <input_file_ref idref="fl-3"/>
      </object_component>
      <object_component id="oc-23d">
         <name>.debug_abbrev</name>
         <load_address>0x48b</load_address>
         <run_address>0x48b</run_address>
         <size>0x27</size>
         <input_file_ref idref="fl-3"/>
      </object_component>
      <object_component id="oc-177">
         <name>.debug_abbrev</name>
         <load_address>0x4b2</load_address>
         <run_address>0x4b2</run_address>
         <size>0x6d</size>
         <input_file_ref idref="fl-3"/>
      </object_component>
      <object_component id="oc-18b">
         <name>.debug_abbrev</name>
         <load_address>0x51f</load_address>
         <run_address>0x51f</run_address>
         <size>0x6d</size>
         <input_file_ref idref="fl-3"/>
      </object_component>
      <object_component id="oc-1f7">
         <name>.debug_abbrev</name>
         <load_address>0x58c</load_address>
         <run_address>0x58c</run_address>
         <size>0x6f</size>
         <input_file_ref idref="fl-3"/>
      </object_component>
      <object_component id="oc-192">
         <name>.debug_abbrev</name>
         <load_address>0x5fb</load_address>
         <run_address>0x5fb</run_address>
         <size>0x7a</size>
         <input_file_ref idref="fl-3"/>
      </object_component>
      <object_component id="oc-ff">
         <name>.debug_abbrev</name>
         <load_address>0x675</load_address>
         <run_address>0x675</run_address>
         <size>0x62</size>
         <input_file_ref idref="fl-3"/>
      </object_component>
      <object_component id="oc-102">
         <name>.debug_abbrev</name>
         <load_address>0x6d7</load_address>
         <run_address>0x6d7</run_address>
         <size>0x1f</size>
         <input_file_ref idref="fl-3"/>
      </object_component>
      <object_component id="oc-182">
         <name>.debug_abbrev</name>
         <load_address>0x6f6</load_address>
         <run_address>0x6f6</run_address>
         <size>0x24</size>
         <input_file_ref idref="fl-3"/>
      </object_component>
      <object_component id="oc-143">
         <name>.debug_abbrev</name>
         <load_address>0x71a</load_address>
         <run_address>0x71a</run_address>
         <size>0x29</size>
         <input_file_ref idref="fl-4"/>
      </object_component>
      <object_component id="oc-be">
         <name>.debug_abbrev</name>
         <load_address>0x743</load_address>
         <run_address>0x743</run_address>
         <size>0x50</size>
         <input_file_ref idref="fl-4"/>
      </object_component>
      <object_component id="oc-1eb">
         <name>.debug_abbrev</name>
         <load_address>0x793</load_address>
         <run_address>0x793</run_address>
         <size>0x8e</size>
         <input_file_ref idref="fl-5"/>
      </object_component>
      <object_component id="oc-22b">
         <name>.debug_abbrev</name>
         <load_address>0x821</load_address>
         <run_address>0x821</run_address>
         <size>0x27</size>
         <input_file_ref idref="fl-5"/>
      </object_component>
      <object_component id="oc-239">
         <name>.debug_abbrev</name>
         <load_address>0x848</load_address>
         <run_address>0x848</run_address>
         <size>0x27</size>
         <input_file_ref idref="fl-5"/>
      </object_component>
      <object_component id="oc-22f">
         <name>.debug_abbrev</name>
         <load_address>0x86f</load_address>
         <run_address>0x86f</run_address>
         <size>0x27</size>
         <input_file_ref idref="fl-5"/>
      </object_component>
      <object_component id="oc-229">
         <name>.debug_abbrev</name>
         <load_address>0x896</load_address>
         <run_address>0x896</run_address>
         <size>0x27</size>
         <input_file_ref idref="fl-5"/>
      </object_component>
      <object_component id="oc-1db">
         <name>.debug_abbrev</name>
         <load_address>0x8bd</load_address>
         <run_address>0x8bd</run_address>
         <size>0x7b</size>
         <input_file_ref idref="fl-5"/>
      </object_component>
      <object_component id="oc-231">
         <name>.debug_abbrev</name>
         <load_address>0x938</load_address>
         <run_address>0x938</run_address>
         <size>0x7d</size>
         <input_file_ref idref="fl-5"/>
      </object_component>
      <object_component id="oc-22d">
         <name>.debug_abbrev</name>
         <load_address>0x9b5</load_address>
         <run_address>0x9b5</run_address>
         <size>0x8b</size>
         <input_file_ref idref="fl-5"/>
      </object_component>
      <object_component id="oc-1ea">
         <name>.debug_abbrev</name>
         <load_address>0xa40</load_address>
         <run_address>0xa40</run_address>
         <size>0x86</size>
         <input_file_ref idref="fl-5"/>
      </object_component>
      <object_component id="oc-17e">
         <name>.debug_abbrev</name>
         <load_address>0xac6</load_address>
         <run_address>0xac6</run_address>
         <size>0x7f</size>
         <input_file_ref idref="fl-5"/>
      </object_component>
      <object_component id="oc-7c">
         <name>.debug_abbrev</name>
         <load_address>0xb45</load_address>
         <run_address>0xb45</run_address>
         <size>0x7c</size>
         <input_file_ref idref="fl-6"/>
      </object_component>
      <object_component id="oc-34">
         <name>.debug_abbrev</name>
         <load_address>0xbc1</load_address>
         <run_address>0xbc1</run_address>
         <size>0x29</size>
         <input_file_ref idref="fl-6"/>
      </object_component>
      <object_component id="oc-7a">
         <name>.debug_abbrev</name>
         <load_address>0xbea</load_address>
         <run_address>0xbea</run_address>
         <size>0x5e</size>
         <input_file_ref idref="fl-6"/>
      </object_component>
      <object_component id="oc-7b">
         <name>.debug_abbrev</name>
         <load_address>0xc48</load_address>
         <run_address>0xc48</run_address>
         <size>0x42</size>
         <input_file_ref idref="fl-6"/>
      </object_component>
      <object_component id="oc-250">
         <name>.debug_abbrev</name>
         <load_address>0xc8a</load_address>
         <run_address>0xc8a</run_address>
         <size>0xb2</size>
         <input_file_ref idref="fl-11"/>
      </object_component>
      <object_component id="oc-1ed">
         <name>.debug_abbrev</name>
         <load_address>0xd3c</load_address>
         <run_address>0xd3c</run_address>
         <size>0x6c</size>
         <input_file_ref idref="fl-11"/>
      </object_component>
      <object_component id="oc-225">
         <name>.debug_abbrev</name>
         <load_address>0xda8</load_address>
         <run_address>0xda8</run_address>
         <size>0x69</size>
         <input_file_ref idref="fl-11"/>
      </object_component>
      <object_component id="oc-254">
         <name>.debug_abbrev</name>
         <load_address>0xe11</load_address>
         <run_address>0xe11</run_address>
         <size>0x97</size>
         <input_file_ref idref="fl-11"/>
      </object_component>
      <object_component id="oc-1cc">
         <name>.debug_abbrev</name>
         <load_address>0xea8</load_address>
         <run_address>0xea8</run_address>
         <size>0x5c</size>
         <input_file_ref idref="fl-11"/>
      </object_component>
      <object_component id="oc-1bf">
         <name>.debug_abbrev</name>
         <load_address>0xf04</load_address>
         <run_address>0xf04</run_address>
         <size>0x24</size>
         <input_file_ref idref="fl-11"/>
      </object_component>
      <object_component id="oc-16e">
         <name>.debug_abbrev</name>
         <load_address>0xf28</load_address>
         <run_address>0xf28</run_address>
         <size>0x24</size>
         <input_file_ref idref="fl-11"/>
      </object_component>
      <object_component id="oc-21d">
         <name>.debug_abbrev</name>
         <load_address>0xf4c</load_address>
         <run_address>0xf4c</run_address>
         <size>0x9e</size>
         <input_file_ref idref="fl-13"/>
      </object_component>
      <object_component id="oc-1c3">
         <name>.debug_abbrev</name>
         <load_address>0xfea</load_address>
         <run_address>0xfea</run_address>
         <size>0x27</size>
         <input_file_ref idref="fl-13"/>
      </object_component>
      <object_component id="oc-1c8">
         <name>.debug_abbrev</name>
         <load_address>0x1011</load_address>
         <run_address>0x1011</run_address>
         <size>0x27</size>
         <input_file_ref idref="fl-13"/>
      </object_component>
      <object_component id="oc-21b">
         <name>.debug_abbrev</name>
         <load_address>0x1038</load_address>
         <run_address>0x1038</run_address>
         <size>0x27</size>
         <input_file_ref idref="fl-13"/>
      </object_component>
      <object_component id="oc-1c6">
         <name>.debug_abbrev</name>
         <load_address>0x105f</load_address>
         <run_address>0x105f</run_address>
         <size>0x27</size>
         <input_file_ref idref="fl-13"/>
      </object_component>
      <object_component id="oc-1bc">
         <name>.debug_abbrev</name>
         <load_address>0x1086</load_address>
         <run_address>0x1086</run_address>
         <size>0x6c</size>
         <input_file_ref idref="fl-13"/>
      </object_component>
      <object_component id="oc-1c2">
         <name>.debug_abbrev</name>
         <load_address>0x10f2</load_address>
         <run_address>0x10f2</run_address>
         <size>0x6c</size>
         <input_file_ref idref="fl-13"/>
      </object_component>
      <object_component id="oc-16b">
         <name>.debug_abbrev</name>
         <load_address>0x115e</load_address>
         <run_address>0x115e</run_address>
         <size>0x7c</size>
         <input_file_ref idref="fl-13"/>
      </object_component>
      <object_component id="oc-220">
         <name>.debug_abbrev</name>
         <load_address>0x11da</load_address>
         <run_address>0x11da</run_address>
         <size>0x38</size>
         <input_file_ref idref="fl-13"/>
      </object_component>
      <object_component id="oc-237">
         <name>.debug_abbrev</name>
         <load_address>0x1212</load_address>
         <run_address>0x1212</run_address>
         <size>0x4a</size>
         <input_file_ref idref="fl-ca"/>
      </object_component>
      <object_component id="oc-d1">
         <name>.debug_abbrev</name>
         <load_address>0x125c</load_address>
         <run_address>0x125c</run_address>
         <size>0x5d</size>
         <input_file_ref idref="fl-cb"/>
      </object_component>
      <object_component id="oc-96">
         <name>.debug_abbrev</name>
         <load_address>0x12b9</load_address>
         <run_address>0x12b9</run_address>
         <size>0x6f</size>
         <input_file_ref idref="fl-cb"/>
      </object_component>
      <object_component id="oc-99">
         <name>.debug_abbrev</name>
         <load_address>0x1328</load_address>
         <run_address>0x1328</run_address>
         <size>0x24</size>
         <input_file_ref idref="fl-cb"/>
      </object_component>
      <object_component id="oc-ce">
         <name>.debug_abbrev</name>
         <load_address>0x134c</load_address>
         <run_address>0x134c</run_address>
         <size>0x24</size>
         <input_file_ref idref="fl-cb"/>
      </object_component>
      <object_component id="oc-94">
         <name>.debug_abbrev</name>
         <load_address>0x1370</load_address>
         <run_address>0x1370</run_address>
         <size>0x37</size>
         <input_file_ref idref="fl-cc"/>
      </object_component>
      <object_component id="oc-47">
         <name>.debug_abbrev</name>
         <load_address>0x13a7</load_address>
         <run_address>0x13a7</run_address>
         <size>0x74</size>
         <input_file_ref idref="fl-cc"/>
      </object_component>
      <object_component id="oc-4a">
         <name>.debug_abbrev</name>
         <load_address>0x141b</load_address>
         <run_address>0x141b</run_address>
         <size>0x24</size>
         <input_file_ref idref="fl-cc"/>
      </object_component>
      <object_component id="oc-91">
         <name>.debug_abbrev</name>
         <load_address>0x143f</load_address>
         <run_address>0x143f</run_address>
         <size>0x24</size>
         <input_file_ref idref="fl-cc"/>
      </object_component>
      <object_component id="oc-ca">
         <name>.debug_abbrev</name>
         <load_address>0x1463</load_address>
         <run_address>0x1463</run_address>
         <size>0x37</size>
         <input_file_ref idref="fl-cd"/>
      </object_component>
      <object_component id="oc-37">
         <name>.debug_abbrev</name>
         <load_address>0x149a</load_address>
         <run_address>0x149a</run_address>
         <size>0x6f</size>
         <input_file_ref idref="fl-cd"/>
      </object_component>
      <object_component id="oc-3a">
         <name>.debug_abbrev</name>
         <load_address>0x1509</load_address>
         <run_address>0x1509</run_address>
         <size>0x24</size>
         <input_file_ref idref="fl-cd"/>
      </object_component>
      <object_component id="oc-c7">
         <name>.debug_abbrev</name>
         <load_address>0x152d</load_address>
         <run_address>0x152d</run_address>
         <size>0x35</size>
         <input_file_ref idref="fl-cd"/>
      </object_component>
      <object_component id="oc-8a">
         <name>.debug_abbrev</name>
         <load_address>0x1562</load_address>
         <run_address>0x1562</run_address>
         <size>0x24</size>
         <input_file_ref idref="fl-cd"/>
      </object_component>
      <object_component id="oc-1f8">
         <name>.debug_abbrev</name>
         <load_address>0x1586</load_address>
         <run_address>0x1586</run_address>
         <size>0x2e</size>
         <input_file_ref idref="fl-ce"/>
      </object_component>
      <object_component id="oc-193">
         <name>.debug_abbrev</name>
         <load_address>0x15b4</load_address>
         <run_address>0x15b4</run_address>
         <size>0x71</size>
         <input_file_ref idref="fl-ce"/>
      </object_component>
      <object_component id="oc-72">
         <name>.debug_abbrev</name>
         <load_address>0x1625</load_address>
         <run_address>0x1625</run_address>
         <size>0x29</size>
         <input_file_ref idref="fl-cf"/>
      </object_component>
      <object_component id="oc-b2">
         <name>.debug_abbrev</name>
         <load_address>0x164e</load_address>
         <run_address>0x164e</run_address>
         <size>0x55</size>
         <input_file_ref idref="fl-cf"/>
      </object_component>
      <object_component id="oc-257">
         <name>.debug_abbrev</name>
         <load_address>0x16a3</load_address>
         <run_address>0x16a3</run_address>
         <size>0x38</size>
         <input_file_ref idref="fl-d0"/>
      </object_component>
      <object_component id="oc-8e">
         <name>.debug_abbrev</name>
         <load_address>0x16db</load_address>
         <run_address>0x16db</run_address>
         <size>0x3e</size>
         <input_file_ref idref="fl-d1"/>
      </object_component>
      <object_component id="oc-208">
         <name>.debug_abbrev</name>
         <load_address>0x1719</load_address>
         <run_address>0x1719</run_address>
         <size>0xc0</size>
         <input_file_ref idref="fl-d3"/>
      </object_component>
      <object_component id="oc-1a3">
         <name>.debug_abbrev</name>
         <load_address>0x17d9</load_address>
         <run_address>0x17d9</run_address>
         <size>0x7e</size>
         <input_file_ref idref="fl-d3"/>
      </object_component>
      <object_component id="oc-20c">
         <name>.debug_abbrev</name>
         <load_address>0x1857</load_address>
         <run_address>0x1857</run_address>
         <size>0x24</size>
         <input_file_ref idref="fl-d3"/>
      </object_component>
      <object_component id="oc-246">
         <name>.debug_abbrev</name>
         <load_address>0x187b</load_address>
         <run_address>0x187b</run_address>
         <size>0x24</size>
         <input_file_ref idref="fl-d3"/>
      </object_component>
      <object_component id="oc-211">
         <name>.debug_abbrev</name>
         <load_address>0x189f</load_address>
         <run_address>0x189f</run_address>
         <size>0x24</size>
         <input_file_ref idref="fl-d3"/>
      </object_component>
      <object_component id="oc-216">
         <name>.debug_abbrev</name>
         <load_address>0x18c3</load_address>
         <run_address>0x18c3</run_address>
         <size>0x4b</size>
         <input_file_ref idref="fl-d3"/>
      </object_component>
      <object_component id="oc-d4">
         <name>.debug_abbrev</name>
         <load_address>0x190e</load_address>
         <run_address>0x190e</run_address>
         <size>0x55</size>
         <input_file_ref idref="fl-d4"/>
      </object_component>
      <object_component id="oc-199">
         <name>.debug_abbrev</name>
         <load_address>0x1963</load_address>
         <run_address>0x1963</run_address>
         <size>0x45</size>
         <input_file_ref idref="fl-d6"/>
      </object_component>
      <object_component id="oc-289">
         <name>.debug_abbrev</name>
         <load_address>0x19a8</load_address>
         <run_address>0x19a8</run_address>
         <size>0xf</size>
      </object_component>
      <object_component id="oc-82">
         <name>.debug_str</name>
         <load_address>0x0</load_address>
[...]
      <symbol id="sm-2">
         <name>__start___llvm_prf_cnts</name>
         <value>0x20000000</value>
      </symbol>
      <symbol id="sm-3">
         <name>__stop___llvm_prf_cnts</name>
         <value>0x20000000</value>
      </symbol>
      <symbol id="sm-4">
         <name>__TI_CINIT_Base</name>
         <value>0x1408</value>
      </symbol>
      <symbol id="sm-5">
         <name>__TI_CINIT_Limit</name>
         <value>0x1418</value>
      </symbol>
      <symbol id="sm-6">
         <name>__TI_Handler_Table_Base</name>
         <value>0x13e8</value>
      </symbol>
      <symbol id="sm-7">
         <name>__TI_Handler_Table_Limit</name>
         <value>0x13f4</value>
      </symbol>
      <symbol id="sm-8">
         <name>binit</name>
         <value>0xffffffff</value>
      </symbol>
      <symbol id="sm-9">
         <name>__binit__</name>
         <value>0xffffffff</value>
      </symbol>
      <symbol id="sm-a">
         <name>__STACK_SIZE</name>
         <value>0x200</value>
      </symbol>
      <symbol id="sm-b">
         <name>__STACK_END</name>
         <value>0x20000200</value>
      </symbol>
      <symbol id="sm-c">
         <name>__c_args__</name>
         <value>0xffffffff</value>
      </symbol>
      <symbol id="sm-d">
         <name>__TI_pprof_out_hndl</name>
         <value>0xffffffff</value>
      </symbol>
      <symbol id="sm-e">
         <name>__TI_prof_data_start</name>
         <value>0xffffffff</value>
      </symbol>
      <symbol id="sm-f">
         <name>__TI_prof_data_size</name>
         <value>0xffffffff</value>
      </symbol>
      <symbol id="sm-cf">
         <name>g_ui32SysClock</name>
         <value>0x2000020c</value>
      </symbol>
      <symbol id="sm-d0">
         <name>savedPin</name>
         <value>0x13dc</value>
         <object_component_ref idref="oc-fc"/>
      </symbol>
      <symbol id="sm-d1">
         <name>keypadInit</name>
         <value>0xebd</value>
         <object_component_ref idref="oc-e7"/>
      </symbol>
      <symbol id="sm-d2">
         <name>readPin</name>
         <value>0xf81</value>
         <object_component_ref idref="oc-ed"/>
      </symbol>
      <symbol id="sm-d3">
         <name>main</name>
         <value>0xb85</value>
         <object_component_ref idref="oc-a9"/>
      </symbol>
      <symbol id="sm-d4">
         <name>ConfigureUART</name>
         <value>0xde9</value>
         <object_component_ref idref="oc-db"/>
      </symbol>
      <symbol id="sm-d5">
         <name>keypad</name>
         <value>0x13a0</value>
         <object_component_ref idref="oc-1f4"/>
      </symbol>
      <symbol id="sm-d6">
         <name>getKey</name>
         <value>0xa31</value>
         <object_component_ref idref="oc-18c"/>
      </symbol>
      <symbol id="sm-ea">
         <name>SystemInit</name>
         <value>0x10fd</value>
         <object_component_ref idref="oc-74"/>
      </symbol>
      <symbol id="sm-eb">
         <name>SystemCoreClock</name>
         <value>0x20000208</value>
         <object_component_ref idref="oc-bb"/>
      </symbol>
      <symbol id="sm-16d">
         <name>UARTStdioConfig</name>
         <value>0xd75</value>
         <object_component_ref idref="oc-171"/>
      </symbol>
      <symbol id="sm-16e">
         <name>UARTwrite</name>
         <value>0xf25</value>
         <object_component_ref idref="oc-1dc"/>
      </symbol>
      <symbol id="sm-16f">
         <name>UARTprintf</name>
         <value>0x10d9</value>
         <object_component_ref idref="oc-e1"/>
      </symbol>
      <symbol id="sm-170">
         <name>UARTvprintf</name>
         <value>0x209</value>
         <object_component_ref idref="oc-178"/>
      </symbol>
      <symbol id="sm-18c">
         <name>Reset_Handler</name>
         <value>0x115f</value>
         <object_component_ref idref="oc-28"/>
      </symbol>
      <symbol id="sm-18d">
         <name>Default_Handler</name>
         <value>0xa2f</value>
         <object_component_ref idref="oc-2e"/>
      </symbol>
      <symbol id="sm-18e">
         <name>interruptVectors</name>
         <value>0x0</value>
         <object_component_ref idref="oc-13"/>
      </symbol>
      <symbol id="sm-1cf">
         <name>GPIOPadConfigSet</name>
         <value>0x7f5</value>
         <object_component_ref idref="oc-185"/>
      </symbol>
      <symbol id="sm-240">
         <name>SysCtlClockFreqSet</name>
         <value>0x515</value>
         <object_component_ref idref="oc-d5"/>
      </symbol>
      <symbol id="sm-250">
         <name>__aeabi_uidivmod</name>
         <value>0x1065</value>
         <object_component_ref idref="oc-1e2"/>
      </symbol>
      <symbol id="sm-251">
         <name>__aeabi_uidiv</name>
         <value>0x1065</value>
         <object_component_ref idref="oc-1e2"/>
      </symbol>
      <symbol id="sm-26a">
         <name>__TI_zero_init_nomemset</name>
         <value>0x111d</value>
         <object_component_ref idref="oc-4e"/>
      </symbol>
      <symbol id="sm-281">
         <name>__TI_decompress_none</name>
         <value>0x1151</value>
         <object_component_ref idref="oc-1c"/>
      </symbol>
      <symbol id="sm-2a4">
         <name>__TI_decompress_lzss</name>
         <value>0xe55</value>
         <object_component_ref idref="oc-16"/>
      </symbol>
      <symbol id="sm-2b3">
         <name>strcmp</name>
         <value>0x1139</value>
         <object_component_ref idref="oc-f3"/>
      </symbol>
      <symbol id="sm-2c6">
         <name>__stack</name>
         <value>0x20000000</value>
         <object_component_ref idref="oc-25"/>
      </symbol>
      <symbol id="sm-2c7">
         <name>_c_int00_noargs</name>
         <value>0x10a5</value>
         <object_component_ref idref="oc-60"/>
      </symbol>
      <symbol id="sm-2d1">
         <name>__aeabi_idiv0</name>
         <value>0xfdb</value>
         <object_component_ref idref="oc-232"/>
      </symbol>
      <symbol id="sm-2d2">
         <name>__aeabi_ldiv0</name>
         <value>0xfdb</value>
         <object_component_ref idref="oc-232"/>
      </symbol>
      <symbol id="sm-2ed">
         <name>memcpy</name>
         <value>0xc49</value>
         <object_component_ref idref="oc-42"/>
      </symbol>
      <symbol id="sm-2ee">
         <name>__aeabi_memcpy</name>
         <value>0xc49</value>
         <object_component_ref idref="oc-42"/>
      </symbol>
      <symbol id="sm-2ef">
         <name>__aeabi_memcpy8</name>
         <value>0xc49</value>
         <object_component_ref idref="oc-42"/>
      </symbol>
      <symbol id="sm-2f0">
         <name>__aeabi_memcpy4</name>
         <value>0xc49</value>
         <object_component_ref idref="oc-42"/>
      </symbol>
      <symbol id="sm-319">
         <name>__TI_auto_init_nobinit_nopinit</name>
         <value>0x1021</value>
         <object_component_ref idref="oc-111"/>
      </symbol>
      <symbol id="sm-323">
         <name>_system_pre_init</name>
         <value>0x116b</value>
         <object_component_ref idref="oc-a3"/>
      </symbol>
      <symbol id="sm-32f">
         <name>C$$EXIT</name>
         <value>0x116f</value>
         <object_component_ref idref="oc-105"/>
      </symbol>
      <symbol id="sm-330">
         <name>abort</name>
         <value>0x116f</value>
         <object_component_ref idref="oc-105"/>
      </symbol>
      <symbol id="sm-333">
         <name>__TI_static_base__</name>
         <value>0x0</value>
      </symbol>
      <symbol id="sm-336">
         <name>__mpu_init</name>
         <value>0x0</value>
      </symbol>
      <symbol id="sm-337">
         <name>_system_post_cinit</name>
         <value>0x0</value>
      </symbol>
      <symbol id="sm-338">
         <name>NMI_Handler</name>
         <value>0xa2f</value>
      </symbol>
      <symbol id="sm-339">
         <name>HardFault_Handler</name>
         <value>0xa2f</value>
      </symbol>
      <symbol id="sm-33a">
         <name>MemManage_Handler</name>
         <value>0xa2f</value>
      </symbol>
      <symbol id="sm-33b">
         <name>BusFault_Handler</name>
         <value>0xa2f</value>
      </symbol>
      <symbol id="sm-33c">
         <name>UsageFault_Handler</name>
         <value>0xa2f</value>
      </symbol>
      <symbol id="sm-33d">
         <name>SVC_Handler</name>
         <value>0xa2f</value>
      </symbol>
      <symbol id="sm-33e">
         <name>DebugMon_Handler</name>
         <value>0xa2f</value>
      </symbol>
      <symbol id="sm-33f">
         <name>PendSV_Handler</name>
         <value>0xa2f</value>
      </symbol>
      <symbol id="sm-340">
         <name>SysTick_Handler</name>
         <value>0xa2f</value>
      </symbol>
      <symbol id="sm-341">
         <name>GPIOA_IRQHandler</name>
         <value>0xa2f</value>
      </symbol>
      <symbol id="sm-342">
         <name>GPIOB_IRQHandler</name>
         <value>0xa2f</value>
      </symbol>
      <symbol id="sm-343">
         <name>GPIOC_IRQHandler</name>
         <value>0xa2f</value>
      </symbol>
      <symbol id="sm-344">
         <name>GPIOD_IRQHandler</name>
         <value>0xa2f</value>
      </symbol>
      <symbol id="sm-345">
         <name>GPIOE_IRQHandler</name>
         <value>0xa2f</value>
      </symbol>
      <symbol id="sm-346">
         <name>UART0_IRQHandler</name>
         <value>0xa2f</value>
      </symbol>
      <symbol id="sm-347">
         <name>UART1_IRQHandler</name>
         <value>0xa2f</value>
      </symbol>
      <symbol id="sm-348">
         <name>SSI0_IRQHandler</name>
         <value>0xa2f</value>
      </symbol>
      <symbol id="sm-349">
         <name>I2C0_IRQHandler</name>
         <value>0xa2f</value>
      </symbol>
      <symbol id="sm-34a">
         <name>PWM0_FAULT_IRQHandler</name>
         <value>0xa2f</value>
      </symbol>
      <symbol id="sm-34b">
         <name>PWM0_0_IRQHandler</name>
         <value>0xa2f</value>
      </symbol>
      <symbol id="sm-34c">
         <name>PWM0_1_IRQHandler</name>
         <value>0xa2f</value>
      </symbol>
      <symbol id="sm-34d">
         <name>PWM0_2_IRQHandler</name>
         <value>0xa2f</value>
      </symbol>
      <symbol id="sm-34e">
         <name>QEI0_IRQHandler</name>
         <value>0xa2f</value>
      </symbol>
      <symbol id="sm-34f">
         <name>ADC0SS0_IRQHandler</name>
         <value>0xa2f</value>
      </symbol>
      <symbol id="sm-350">
         <name>ADC0SS1_IRQHandler</name>
         <value>0xa2f</value>
      </symbol>
      <symbol id="sm-351">
         <name>ADC0SS2_IRQHandler</name>
         <value>0xa2f</value>
      </symbol>
      <symbol id="sm-352">
         <name>ADC0SS3_IRQHandler</name>
         <value>0xa2f</value>
      </symbol>
      <symbol id="sm-353">
         <name>WATCHDOG_IRQHandler</name>
         <value>0xa2f</value>
      </symbol>
      <symbol id="sm-354">
         <name>TIMER0A_IRQHandler</name>
         <value>0xa2f</value>
      </symbol>
      <symbol id="sm-355">
         <name>TIMER0B_IRQHandler</name>
         <value>0xa2f</value>
      </symbol>
      <symbol id="sm-356">
         <name>TIMER1A_IRQHandler</name>
         <value>0xa2f</value>
      </symbol>
      <symbol id="sm-357">
         <name>TIMER1B_IRQHandler</name>
         <value>0xa2f</value>
      </symbol>
      <symbol id="sm-358">
         <name>TIMER2A_IRQHandler</name>
         <value>0xa2f</value>
      </symbol>
      <symbol id="sm-359">
         <name>TIMER2B_IRQHandler</name>
         <value>0xa2f</value>
      </symbol>
      <symbol id="sm-35a">
         <name>COMP0_IRQHandler</name>
         <value>0xa2f</value>
      </symbol>
      <symbol id="sm-35b">
         <name>COMP1_IRQHandler</name>
         <value>0xa2f</value>
      </symbol>
      <symbol id="sm-35c">
         <name>COMP2_IRQHandler</name>
         <value>0xa2f</value>
      </symbol>
      <symbol id="sm-35d">
         <name>SYSCTL_IRQHandler</name>
         <value>0xa2f</value>
      </symbol>
      <symbol id="sm-35e">
         <name>FLASH_IRQHandler</name>
         <value>0xa2f</value>
      </symbol>
      <symbol id="sm-35f">
         <name>GPIOF_IRQHandler</name>
         <value>0xa2f</value>
      </symbol>
      <symbol id="sm-360">
         <name>GPIOG_IRQHandler</name>
         <value>0xa2f</value>
      </symbol>
      <symbol id="sm-361">
         <name>GPIOH_IRQHandler</name>
         <value>0xa2f</value>
      </symbol>
      <symbol id="sm-362">
         <name>UART2_IRQHandler</name>
         <value>0xa2f</value>
      </symbol>
      <symbol id="sm-363">
         <name>SSI1_IRQHandler</name>
         <value>0xa2f</value>
      </symbol>
      <symbol id="sm-364">
         <name>TIMER3A_IRQHandler</name>
         <value>0xa2f</value>
      </symbol>
      <symbol id="sm-365">
         <name>TIMER3B_IRQHandler</name>
         <value>0xa2f</value>
      </symbol>
      <symbol id="sm-366">
         <name>I2C1_IRQHandler</name>
         <value>0xa2f</value>
      </symbol>
      <symbol id="sm-367">
         <name>CAN0_IRQHandler</name>
         <value>0xa2f</value>
      </symbol>
      <symbol id="sm-368">
         <name>CAN1_IRQHandler</name>
         <value>0xa2f</value>
      </symbol>
      <symbol id="sm-369">
         <name>EMAC0_IRQHandler</name>
         <value>0xa2f</value>
      </symbol>
      <symbol id="sm-36a">
         <name>HIBERNATE_IRQHandler</name>
         <value>0xa2f</value>
      </symbol>
      <symbol id="sm-36b">
         <name>USB0_IRQHandler</name>
         <value>0xa2f</value>
      </symbol>
      <symbol id="sm-36c">
         <name>PWM0_3_IRQHandler</name>
         <value>0xa2f</value>
      </symbol>
      <symbol id="sm-36d">
         <name>UDMA_IRQHandler</name>
         <value>0xa2f</value>
      </symbol>
      <symbol id="sm-36e">
         <name>UDMAERR_IRQHandler</name>
         <value>0xa2f</value>
      </symbol>
      <symbol id="sm-36f">
         <name>ADC1SS0_IRQHandler</name>
         <value>0xa2f</value>
      </symbol>
      <symbol id="sm-370">
         <name>ADC1SS1_IRQHandler</name>
         <value>0xa2f</value>
      </symbol>
      <symbol id="sm-371">
         <name>ADC1SS2_IRQHandler</name>
         <value>0xa2f</value>
      </symbol>
      <symbol id="sm-372">
         <name>ADC1SS3_IRQHandler</name>
         <value>0xa2f</value>
      </symbol>
      <symbol id="sm-373">
         <name>EPI0_IRQHandler</name>
         <value>0xa2f</value>
      </symbol>
      <symbol id="sm-374">
         <name>GPIOJ_IRQHandler</name>
         <value>0xa2f</value>
      </symbol>
      <symbol id="sm-375">
         <name>GPIOK_IRQHandler</name>
         <value>0xa2f</value>
      </symbol>
      <symbol id="sm-376">
         <name>GPIOL_IRQHandler</name>
         <value>0xa2f</value>
      </symbol>
      <symbol id="sm-377">
         <name>SSI2_IRQHandler</name>
         <value>0xa2f</value>
      </symbol>
      <symbol id="sm-378">
         <name>SSI3_IRQHandler</name>
         <value>0xa2f</value>
      </symbol>
      <symbol id="sm-379">
         <name>UART3_IRQHandler</name>
         <value>0xa2f</value>
      </symbol>
      <symbol id="sm-37a">
         <name>UART4_IRQHandler</name>
         <value>0xa2f</value>
      </symbol>
      <symbol id="sm-37b">
         <name>UART5_IRQHandler</name>
         <value>0xa2f</value>
      </symbol>
      <symbol id="sm-37c">
         <name>UART6_IRQHandler</name>
         <value>0xa2f</value>
      </symbol>
      <symbol id="sm-37d">
         <name>UART7_IRQHandler</name>
         <value>0xa2f</value>
      </symbol>
      <symbol id="sm-37e">
         <name>I2C2_IRQHandler</name>
         <value>0xa2f</value>
      </symbol>
      <symbol id="sm-37f">
         <name>I2C3_IRQHandler</name>
         <value>0xa2f</value>
      </symbol>
      <symbol id="sm-380">
         <name>TIMER4A_IRQHandler</name>
         <value>0xa2f</value>
      </symbol>
      <symbol id="sm-381">
         <name>TIMER4B_IRQHandler</name>
         <value>0xa2f</value>
      </symbol>
      <symbol id="sm-382">
         <name>TIMER5A_IRQHandler</name>
         <value>0xa2f</value>
      </symbol>
      <symbol id="sm-383">
         <name>TIMER5B_IRQHandler</name>
         <value>0xa2f</value>
      </symbol>
      <symbol id="sm-384">
         <name>SYSEXC_IRQHandler</name>
         <value>0xa2f</value>
      </symbol>
      <symbol id="sm-385">
         <name>I2C4_IRQHandler</name>
         <value>0xa2f</value>
      </symbol>
      <symbol id="sm-386">
         <name>I2C5_IRQHandler</name>
         <value>0xa2f</value>
      </symbol>
      <symbol id="sm-387">
         <name>GPIOM_IRQHandler</name>
         <value>0xa2f</value>
      </symbol>
      <symbol id="sm-388">
         <name>GPION_IRQHandler</name>
         <value>0xa2f</value>
      </symbol>
      <symbol id="sm-389">
         <name>TAMPER0_IRQHandler</name>
         <value>0xa2f</value>
      </symbol>
      <symbol id="sm-38a">
         <name>GPIOP0_IRQHandler</name>
         <value>0xa2f</value>
      </symbol>
      <symbol id="sm-38b">
         <name>GPIOP1_IRQHandler</name>
         <value>0xa2f</value>
      </symbol>
      <symbol id="sm-38c">
         <name>GPIOP2_IRQHandler</name>
         <value>0xa2f</value>
      </symbol>
      <symbol id="sm-38d">
         <name>GPIOP3_IRQHandler</name>
         <value>0xa2f</value>
      </symbol>
      <symbol id="sm-38e">
         <name>GPIOP4_IRQHandler</name>
         <value>0xa2f</value>
      </symbol>
      <symbol id="sm-38f">
         <name>GPIOP5_IRQHandler</name>
         <value>0xa2f</value>
      </symbol>
      <symbol id="sm-390">
         <name>GPIOP6_IRQHandler</name>
         <value>0xa2f</value>
      </symbol>
      <symbol id="sm-391">
         <name>GPIOP7_IRQHandler</name>
         <value>0xa2f</value>
      </symbol>
      <symbol id="sm-392">
         <name>GPIOQ0_IRQHandler</name>
         <value>0xa2f</value>
      </symbol>
      <symbol id="sm-393">
         <name>GPIOQ1_IRQHandler</name>
         <value>0xa2f</value>
      </symbol>
      <symbol id="sm-394">
         <name>GPIOQ2_IRQHandler</name>
         <value>0xa2f</value>
      </symbol>
      <symbol id="sm-395">
         <name>GPIOQ3_IRQHandler</name>
         <value>0xa2f</value>
      </symbol>
      <symbol id="sm-396">
         <name>GPIOQ4_IRQHandler</name>
         <value>0xa2f</value>
      </symbol>
      <symbol id="sm-397">
         <name>GPIOQ5_IRQHandler</name>
         <value>0xa2f</value>
      </symbol>
      <symbol id="sm-398">
         <name>GPIOQ6_IRQHandler</name>
         <value>0xa2f</value>
      </symbol>
      <symbol id="sm-399">
         <name>GPIOQ7_IRQHandler</name>
         <value>0xa2f</value>
      </symbol>
      <symbol id="sm-39a">
         <name>SHA0_IRQHandler</name>
         <value>0xa2f</value>
      </symbol>
      <symbol id="sm-39b">
         <name>AES0_IRQHandler</name>
         <value>0xa2f</value>
      </symbol>
      <symbol id="sm-39c">
         <name>DES0_IRQHandler</name>
         <value>0xa2f</value>
      </symbol>
      <symbol id="sm-39d">
         <name>TIMER6A_IRQHandler</name>
         <value>0xa2f</value>
      </symbol>
      <symbol id="sm-39e">
         <name>TIMER6B_IRQHandler</name>
         <value>0xa2f</value>
      </symbol>
      <symbol id="sm-39f">
         <name>TIMER7A_IRQHandler</name>
         <value>0xa2f</value>
      </symbol>
      <symbol id="sm-3a0">
         <name>TIMER7B_IRQHandler</name>
         <value>0xa2f</value>
      </symbol>
      <symbol id="sm-3a1">
         <name>I2C6_IRQHandler</name>
         <value>0xa2f</value>
      </symbol>
      <symbol id="sm-3a2">
         <name>I2C7_IRQHandler</name>
         <value>0xa2f</value>
      </symbol>
      <symbol id="sm-3a3">
         <name>I2C8_IRQHandler</name>
         <value>0xa2f</value>
      </symbol>
      <symbol id="sm-3a4">
         <name>I2C9_IRQHandler</name>
         <value>0xa2f</value>
      </symbol>
   </symbol_table>
   <title>Link successful</title>
</link_info>
